a b c * + e f ^ h ^ - 2 a * - 34567 a * + 11234566 - a b c * + e f ^ h ^ - 2 a * - 34567 a * + 11234566 - a b c * + e f ^ h ^ - 2 a * - 34567 a * + 11234566 - a b c * + e f ^ h ^ - 2 a * - 34567 a * + 11234566 - a b c * + e f ^ h ^ - 2 a * - 34567 a * + 11234566 - a b c * + e f ^ h ^ - 2 a * - 34567 a * + 11234566 - a b c * + e f ^ h ^ - 2 a * - 34567 a * + 11234566 - a b c * + e f ^ h ^ - 2 a * - 34567 a * + 11234566 - a b c * + e f ^ h ^ - 2 a * - 34567 a * + 11234566 - a c b c a + * a c b c a + * c / + b a / - + a + b 2 / - / + b a / - + a + b 2 / - a c b c a + * a c b c a + * c / + b a / - + a + b 2 / - / + b a / - + a + b 2 / - ^ - - - - - - - - -
