a c b c a + * a c b c a + * c / + b a / - + a + b 2 / - / + b a / - + a + b 2 / - a c b c a + * a c b c a + * c / + b a / - + a + b 2 / - / + b a / - + a + b 2 / - ^
